// Jest Snapshot v1, https://goo.gl/fbAQLP

exports[`NewAdvertForm snapshot testing 1`] = `
<form
  onSubmit={[Function]}
>
  <input
    name="name"
    onChange={[Function]}
    value=""
  />
  <input
    checked={true}
    name="sale"
    onChange={[Function]}
    type="checkbox"
  />
  <input
    name="price"
    onChange={[Function]}
    type="number"
    value={0}
  />
  <SelectTags
    multiple={true}
    name="tags"
    onChange={[Function]}
    value={Array []}
  />
  <InputFile
    name="photo"
    onChange={[Function]}
  />
  <button
    disabled={true}
  >
    Save
  </button>
</form>
`;
